[1.10000002] -> 2.2
[2.20000005] -> 4.4
[3.29999995] -> 6.6
[4.4000001] -> 8.8
[5.5] -> 11.0
