initial:
. . . . . 
. . . . . 
. . X X X 
. . . . . 
. . . . . 


frame #1:
. . . . . 
. . . X . 
. . . X . 
. . . X . 
. . . . . 


frame #2:
. . . . . 
. . . . . 
. . X X X 
. . . . . 
. . . . . 


