Greek[00] = alpha
Greek[01] = beta
Greek[02] = gamma
Greek[03] = delta
Greek[04] = epsilon
Greek[05] = zeta 
Greek[06] = eta
Greek[07] = theta
Greek[08] = iota
Greek[09] = kappa
