{
  "height" : 200,
  "width" : 100,
  "x" : 5,
  "y" : 10
}
