{
  "breakEnd" : "<date1>",
  "breakTime" : "<date2>",
  "endOfDay" : "<date1>",
  "startTime" : "<date2>"
}
